N: [24, 26, 28, 30, 32, 36, 40, 44, 48, 52, 56, 64, 72, 80, 88, 96, 104, 112, 120, 128, 144, 160, 176, 192, 224, 256, 288, 320]
== model int(4,5,6..)
  m=4  last-3 prediction errors ['6.1e-23', '2.7e-23', '1.1e-23']   s_inf(last window)=4.22697881669608493255303637
  m=5  last-3 prediction errors ['1.3e-23', '5.9e-24', '2.3e-24']   s_inf(last window)=4.22697881669608493255318822
  m=6  last-3 prediction errors ['3.7e-24', '1.7e-24', '6.6e-25']   s_inf(last window)=4.22697881669608493255323428
  m=7  last-3 prediction errors ['1.2e-24', '6.1e-25', '2.4e-25']   s_inf(last window)=4.22697881669608493255325209
  m=8  last-3 prediction errors ['4.8e-25', '2.5e-25', '1.0e-25']   s_inf(last window)=4.22697881669608493255326023
== model third(4,13/3,..)
  m=4  last-3 prediction errors ['3.6e-21', '1.6e-21', '6.0e-22']   s_inf(last window)=4.22697881669608493257490985
  m=5  last-3 prediction errors ['3.3e-22', '1.4e-22', '5.4e-23']   s_inf(last window)=4.2269788166960849325490232
  m=6  last-3 prediction errors ['1.7e-23', '7.9e-24', '2.9e-24']   s_inf(last window)=4.22697881669608493255373504
  m=7  last-3 prediction errors ['7.6e-25', '3.4e-25', '1.2e-25']   s_inf(last window)=4.22697881669608493255324122
  m=8  last-3 prediction errors ['7.1e-26', '3.3e-26', '1.2e-26']   s_inf(last window)=4.22697881669608493255327916
== model twothirds(4,14/3..)
  m=4  last-3 prediction errors ['8.5e-21', '4.2e-21', '1.8e-21']   s_inf(last window)=4.22697881669608493261690326
  m=5  last-3 prediction errors ['1.5e-21', '7.2e-22', '3.1e-22']   s_inf(last window)=4.22697881669608493257412277
  m=6  last-3 prediction errors ['3.2e-22', '1.7e-22', '7.2e-23']   s_inf(last window)=4.22697881669608493256185808
  m=7  last-3 prediction errors ['8.4e-23', '4.7e-23', '2.1e-23']   s_inf(last window)=4.2269788166960849325574084
  m=8  last-3 prediction errors ['2.5e-23', '1.5e-23', '6.9e-24']   s_inf(last window)=4.22697881669608493255551847
== model int+log6
  m=4  last-3 prediction errors ['1.7e-23', '6.3e-24', '2.0e-24']   s_inf(last window)=4.22697881669608493255330768
  m=5  last-3 prediction errors ['9.2e-25', '3.6e-25', '1.2e-25']   s_inf(last window)=4.22697881669608493255326843
  m=6  last-3 prediction errors ['9.0e-26', '3.9e-26', '1.3e-26']   s_inf(last window)=4.22697881669608493255327207
  m=7  last-3 prediction errors ['1.8e-26', '8.1e-27', '2.9e-27']   s_inf(last window)=4.22697881669608493255327262
  m=8  last-3 prediction errors ['4.6e-27', '2.2e-27', '8.2e-28']   s_inf(last window)=4.22697881669608493255327278
== model int+log5
  m=4  last-3 prediction errors ['1.1e-22', '4.4e-23', '1.6e-23']   s_inf(last window)=4.22697881669608493255369363
  m=5  last-3 prediction errors ['6.4e-24', '2.9e-24', '1.2e-24']   s_inf(last window)=4.22697881669608493255333408
  m=6  last-3 prediction errors ['1.4e-24', '6.7e-25', '2.6e-25']   s_inf(last window)=4.2269788166960849325532954
  m=7  last-3 prediction errors ['3.8e-25', '1.9e-25', '7.7e-26']   s_inf(last window)=4.22697881669608493255328324
  m=8  last-3 prediction errors ['1.2e-25', '6.6e-26', '2.7e-26']   s_inf(last window)=4.22697881669608493255327852
== model int+log4
  m=4  last-3 prediction errors ['2.1e-22', '8.7e-23', '3.2e-23']   s_inf(last window)=4.22697881669608493255428022
  m=5  last-3 prediction errors ['1.5e-23', '6.6e-24', '2.6e-24']   s_inf(last window)=4.22697881669608493255343381
  m=6  last-3 prediction errors ['3.1e-24', '1.5e-24', '5.7e-25']   s_inf(last window)=4.22697881669608493255333082
  m=7  last-3 prediction errors ['8.3e-25', '4.2e-25', '1.7e-25']   s_inf(last window)=4.22697881669608493255329936
  m=8  last-3 prediction errors ['2.7e-25', '1.4e-25', '5.9e-26']   s_inf(last window)=4.22697881669608493255328724
