N: [24, 26, 28, 30, 32, 36, 40, 44, 48, 52, 56, 64, 72, 80, 88, 96, 104, 112, 120, 128, 144, 160]
== model int(4,5,6..)
  m=4  last-3 prediction errors ['1.5e-23', '2.9e-23', '2.4e-23']   s_inf(last window)=3.29850805639071814333711175
  m=5  last-3 prediction errors ['2.4e-24', '4.9e-24', '4.1e-24']   s_inf(last window)=3.29850805639071814333790125
  m=6  last-3 prediction errors ['5.6e-25', '1.1e-24', '9.3e-25']   s_inf(last window)=3.29850805639071814333813068
  m=7  last-3 prediction errors ['1.7e-25', '3.3e-25', '2.8e-25']   s_inf(last window)=3.29850805639071814333821426
  m=8  last-3 prediction errors ['6.4e-26', '1.2e-25', '9.9e-26']   s_inf(last window)=3.2985080563907181433382506
== model third(4,13/3,..)
  m=4  last-3 prediction errors ['2.2e-21', '4.4e-21', '3.6e-21']   s_inf(last window)=3.29850805639071814363505685
  m=5  last-3 prediction errors ['1.4e-22', '2.8e-22', '2.3e-22']   s_inf(last window)=3.29850805639071814328665065
  m=6  last-3 prediction errors ['6.3e-24', '1.2e-23', '1.0e-23']   s_inf(last window)=3.29850805639071814334379304
  m=7  last-3 prediction errors ['3.1e-25', '5.7e-25', '4.3e-25']   s_inf(last window)=3.29850805639071814333780851
  m=8  last-3 prediction errors ['2.7e-26', '4.6e-26', '3.4e-26']   s_inf(last window)=3.29850805639071814333838466
== model twothirds(4,14/3..)
  m=4  last-3 prediction errors ['3.1e-21', '6.7e-21', '5.9e-21']   s_inf(last window)=3.29850805639071814379186421
  m=5  last-3 prediction errors ['3.8e-22', '8.4e-22', '7.6e-22']   s_inf(last window)=3.29850805639071814347368932
  m=6  last-3 prediction errors ['6.7e-23', '1.5e-22', '1.4e-22']   s_inf(last window)=3.2985080563907181433902528
  m=7  last-3 prediction errors ['1.6e-23', '3.4e-23', '3.1e-23']   s_inf(last window)=3.29850805639071814336180972
  m=8  last-3 prediction errors ['4.5e-24', '9.7e-24', '8.7e-24']   s_inf(last window)=3.29850805639071814335035368
== model int+log6
  m=4  last-3 prediction errors ['2.2e-23', '4.0e-23', '2.9e-23']   s_inf(last window)=3.29850805639071814333953362
  m=5  last-3 prediction errors ['3.1e-25', '5.6e-25', '4.2e-25']   s_inf(last window)=3.29850805639071814333825947
  m=6  last-3 prediction errors ['1.9e-26', '3.6e-26', '2.8e-26']   s_inf(last window)=3.29850805639071814333829353
  m=7  last-3 prediction errors ['3.6e-27', '6.6e-27', '5.0e-27']   s_inf(last window)=3.29850805639071814333829745
  m=8  last-3 prediction errors ['9.1e-28', '1.6e-27', '1.2e-27']   s_inf(last window)=3.29850805639071814333829855
== model int+log5
  m=4  last-3 prediction errors ['6.2e-23', '1.2e-22', '8.7e-23']   s_inf(last window)=3.29850805639071814334295216
  m=5  last-3 prediction errors ['8.9e-25', '1.9e-24', '1.7e-24']   s_inf(last window)=3.29850805639071814333854924
  m=6  last-3 prediction errors ['1.9e-25', '3.9e-25', '3.3e-25']   s_inf(last window)=3.29850805639071814333839262
  m=7  last-3 prediction errors ['4.6e-26', '9.4e-26', '7.9e-26']   s_inf(last window)=3.29850805639071814333833977
  m=8  last-3 prediction errors ['1.5e-26', '3.0e-26', '2.4e-26']   s_inf(last window)=3.29850805639071814333832008
== model int+log4
  m=4  last-3 prediction errors ['1.1e-22', '2.0e-22', '1.5e-22']   s_inf(last window)=3.29850805639071814334811572
  m=5  last-3 prediction errors ['2.2e-24', '4.6e-24', '4.0e-24']   s_inf(last window)=3.29850805639071814333898664
  m=6  last-3 prediction errors ['4.1e-25', '8.5e-25', '7.2e-25']   s_inf(last window)=3.29850805639071814333854214
  m=7  last-3 prediction errors ['1.0e-25', '2.0e-25', '1.7e-25']   s_inf(last window)=3.29850805639071814333840361
  m=8  last-3 prediction errors ['3.2e-26', '6.3e-26', '5.2e-26']   s_inf(last window)=3.29850805639071814333835258
