beta=1/1000   s_inf=3.002881218520578910998  (+- 2.4e-19)  16s
beta=1/500    s_inf=3.005765942903749340053  (+- 4.7e-19)  16s
beta=1/250    s_inf=3.011545937688142376373  (+- 9.3e-19)  16s
beta=1/200    s_inf=3.014441222373749031982  (+- 1.1e-18)  16s
beta=1/100    s_inf=3.028970806963360501277  (+- 2.2e-18)  16s
beta=1/50     s_inf=3.058298716862914023703  (+- 3.9e-18)  17s
beta=1/40     s_inf=3.073098916562477048074  (+- 4.7e-18)  16s
beta=1/20     s_inf=3.148501723483410473922  (+- 7.2e-18)  16s
beta=1/10     s_inf=3.306754917747891770323  (+- 8.6e-18)  16s
beta=3/20     s_inf=3.476028148913763742395  (+- 7.5e-18)  17s
beta=1/5      s_inf=3.658025754515797887359  (+- 5.9e-18)  17s
beta=1/4      s_inf=3.855120826049169944289  (+- 4.2e-18)  17s
beta=3/10     s_inf=4.070689184355443891599  (+- 2.9e-18)  17s
beta=1/3      s_inf=4.226978816696084929652  (+- 2.2e-18)  17s
beta=2/5      s_inf=4.578744853592199682422  (+- 1.3e-18)  17s
beta=9/20     s_inf=4.888176301325579841785  (+- 8.0e-19)  17s
beta=1/2      s_inf=5.252200597122419889435  (+- 4.9e-19)  17s
beta=11/20    s_inf=5.691607073240279314263  (+- 2.9e-19)  18s
beta=3/5      s_inf=6.237339907758071000699  (+- 1.6e-19)  18s
beta=13/20    s_inf=6.937517032517549776284  (+- 8.4e-20)  18s
beta=2/3      s_inf=7.21762596000258066244  (+- 6.6e-20)  18s
beta=7/10     s_inf=7.871746696868674898101  (+- 3.9e-20)  18s
beta=3/4      s_inf=9.182870847014065742402  (+- 1.6e-20)  18s
beta=4/5      s_inf=11.15638644157611112159  (+- 5.1e-21)  18s
beta=17/20    s_inf=14.45859724585625468714  (+- 9.1e-22)  19s
Traceback (most recent call last):
  File "/pscratch/sd/d/dschnei/bootloops/project_2/src/scan_beta.py", line 52, in <module>
    s, _ = pr.solve_s(s0 if (s0 is not None and N > a.Ns[0]) else guess)
           ^^^^^^^^^^^^^^^^^^^^^^^^^^^^^^^^^^^^^^^^^^^^^^^^^^^^^^^^^^^^^
  File "/pscratch/sd/d/dschnei/bootloops/project_2/src/urnd.py", line 214, in solve_s
    raise RuntimeError("Newton did not converge")
RuntimeError: Newton did not converge
